[Properties]
name=Grass4y Field
description=A boring Grass4y field. Used for testing.
width=25
height=25
filename=default

[Layout]
Waterness|Grass4|blank|Grass4|Grass4|Grass4|Grass4|Grass4|Grass4|Grass4|Grass4|Grass4|Grass4|Grass4|Grass4|Grass4|Grass4|Grass4|Grass4|Grass4|Grass4|Grass4|Grass4|Grass4|Grass4
Grass4|Grass4|Grass4|Grass4|Grass4|Grass4|Grass4|Grass4|Grass4|Grass4|Grass4|Grass4|Grass4|Grass4|Grass4|Grass4|Grass4|Grass4|Grass4|Grass4|Grass4|Grass4|Grass4|Grass4|Grass4
Grass4|Grass4|Grass4|Grass4|Grass4|Grass4|Grass4|Grass4|Grass4|Grass4|Grass4|Grass4|Grass4|Grass4|Grass4|Grass4|Grass4|Grass4|Grass4|Grass4|Grass4|Grass4|Grass4|Grass4|Grass4
Grass4|Grass4|Grass4|Grass4|Grass4|Grass4|Grass4|Grass4|Grass4|Grass4|Grass4|Grass4|Grass4|Grass4|Grass4|Grass4|Grass4|Grass4|Grass4|Grass4|Grass4|Grass4|Grass4|Grass4|Grass4
Grass4|Grass4|Grass4|Grass4|Grass4|Grass4|Grass4|Grass4|Grass4|Grass4|Grass4|Grass4|Grass4|Grass4|Grass4|Grass4|Grass4|Grass4|Grass4|Grass4|Grass4|Grass4|Grass4|Grass4|Grass4
Grass4|Grass4|Grass4|Grass4|Grass4|Grass4|Grass4|Grass4|Grass4|Grass4|Grass4|Grass4|Grass4|Grass4|Grass4|Grass4|Grass4|Grass4|Grass4|Grass4|Grass4|Grass4|Grass4|Grass4|Grass4
Grass4|Grass4|Grass4|Grass4|Grass4|Grass4|Grass4|Grass4|Grass4|Grass4|Grass4|Grass4|Grass4|Grass4|Grass4|Grass4|Grass4|Grass4|Grass4|Grass4|Grass4|Grass4|Grass4|Grass4|Grass4
Grass4|Grass4|Waterness|Grass4|Grass4|Grass4|Grass4|Grass4|Grass4|Grass4|Grass4|Grass4|Grass4|Grass4|Grass4|Grass4|Grass4|Grass4|Grass4|Grass4|Grass4|Grass4|Grass4|Grass4|Grass4
Grass4|Grass4|Grass4|Grass4|Grass4|Grass4|Grass4|Grass4|Grass4|Grass4|Grass4|Grass4|Grass4|Grass4|Grass4|Grass4|Grass4|Grass4|Grass4|Grass4|Grass4|Grass4|Grass4|Grass4|Grass4
Grass4|Grass4|Grass4|Grass4|Grass4|Grass4|Grass4|Grass4|Grass4|Grass4|Grass4|Grass4|Grass4|Grass4|Grass4|Grass4|Grass4|Grass4|Grass4|Grass4|Grass4|Grass4|Grass4|Grass4|Grass4
Grass4|Grass4|Grass4|Grass4|Grass4|Grass4|Grass4|Grass4|Grass4|Grass4|Grass4|Grass4|Grass4|Grass4|Grass4|Grass4|Grass4|Grass4|Grass4|Grass4|Grass4|Grass4|Grass4|Grass4|Grass4
Grass4|Grass4|Grass4|Grass4|Grass4|Grass4|Grass4|Grass4|Grass4|Grass4|Grass4|Grass4|Grass4|Grass4|Grass4|Grass4|Grass4|Grass4|Grass4|Grass4|Grass4|Grass4|Grass4|Grass4|Grass4
Grass4|Grass4|Grass4|Grass4|Grass4|Grass4|Grass4|Grass4|Grass4|Grass4|Grass4|Grass4|Grass4|Grass4|Grass4|Waterness|Grass4|Grass4|Grass4|Grass4|Grass4|Grass4|Grass4|Grass4|Grass4
Grass4|Grass4|Grass4|Grass4|Grass4|Grass4|Grass4|Grass4|Grass4|Grass4|Grass4|Grass4|Grass4|Grass4|Grass4|Grass4|Grass4|Grass4|Grass4|Grass4|Grass4|Grass4|Grass4|Grass4|Grass4
Grass4|Grass4|Grass4|Grass4|Grass4|Grass4|Grass4|Grass4|Grass4|Grass4|Grass4|Grass4|Grass4|Grass4|Grass4|Grass4|Grass4|Grass4|Grass4|Grass4|Grass4|Grass4|Grass4|Grass4|Grass4
Grass4|Grass4|Grass4|Grass4|Grass4|Grass4|Grass4|Grass4|Grass4|Grass4|Grass4|Grass4|Grass4|Grass4|Grass4|Grass4|Grass4|Grass4|Grass4|Grass4|Grass4|Grass4|Grass4|Grass4|Grass4
Grass4|Grass4|Grass4|Grass4|Grass4|Grass4|Grass4|Grass4|Grass4|Grass4|Grass4|Grass4|Grass4|Grass4|Grass4|Grass4|Grass4|Grass4|Grass4|Grass4|Grass4|Grass4|Grass4|Grass4|Grass4
Grass4|Grass4|Grass4|Grass4|Grass4|Grass4|Grass4|Grass4|Grass4|Grass4|Grass4|Grass4|Grass4|Grass4|Grass4|Grass4|Grass4|Grass4|Grass4|Grass4|Grass4|Grass4|Grass4|Grass4|Grass4
Grass4|Grass4|Grass4|Grass4|Grass4|Grass4|Grass4|Grass4|Grass4|Grass4|Grass4|Grass4|Grass4|Grass4|Grass4|Grass4|Grass4|Grass4|Grass4|Grass4|Grass4|Grass4|Grass4|Grass4|Grass4
Grass4|Grass4|Grass4|Grass4|Grass4|Grass4|Grass4|Grass4|Grass4|Grass4|Grass4|Grass4|Grass4|Grass4|Grass4|Grass4|Grass4|Grass4|Grass4|Grass4|Grass4|Grass4|Grass4|Grass4|Grass4
Grass4|Grass4|Grass4|Grass4|Grass4|Grass4|Grass4|Grass4|Grass4|Grass4|Grass4|Grass4|Grass4|Grass4|Grass4|Grass4|Grass4|Grass4|Grass4|Grass4|Grass4|Grass4|Grass4|Grass4|Grass4
Grass4|Grass4|Grass4|Grass4|Grass4|Grass4|Grass4|Grass4|Grass4|Grass4|Grass4|Grass4|Grass4|Grass4|Grass4|Grass4|Grass4|Grass4|Grass4|Grass4|Grass4|Grass4|Grass4|Grass4|Grass4
Grass4|Grass4|Grass4|Grass4|Grass4|Grass4|Grass4|Grass4|Grass4|Grass4|Grass4|Grass4|Grass4|Grass4|Grass4|Grass4|Grass4|Grass4|Grass4|Grass4|Grass4|Grass4|Grass4|Grass4|Grass4
Grass4|Grass4|Grass4|Grass4|Grass4|Grass4|Grass4|Grass4|Grass4|Grass4|Grass4|Grass4|Grass4|Grass4|Grass4|Grass4|Grass4|Grass4|Grass4|Grass4|Grass4|Grass4|Grass4|Grass4|Grass4
Grass4|Grass4|Grass4|Grass4|Grass4|Grass4|Grass4|Grass4|Grass4|Grass4|Grass4|Grass4|Grass4|Grass4|Grass4|Grass4|Grass4|Grass4|Grass4|Grass4|Grass4|Grass4|Grass4|Grass4|Grass4